host available 4.1808334572124295e-11
scaled_small available 4.1808334572124295e-11
scaled_large available 4.1808334572124295e-11
pure_sio2 available 0.0
pure_tio2 available 0.0
pure_al2o3 available 0.0
pure_fe2o3 available 0.0
pure_mgcr2o4 unavailable None
pure_fe2sio4 unavailable None
pure_mnsi0.5o2 unavailable None
pure_mg2sio4 unavailable None
pure_nisi0.5o2 unavailable None
pure_cosi0.5o2 unavailable None
pure_casio3 unavailable None
pure_na2sio3 unavailable None
pure_kalsio4 unavailable None
pure_ca3(po4)2 unavailable None
pure_h2o unavailable None
binary_0_7_1e-12 unavailable None
binary_0_7_1e-06 unavailable None
binary_0_7_0.5 available 9.805489753489383e-12
binary_0_7_0.999999 available 7.332801033044234e-12
binary_0_18_1e-12 available 2.212153211189616e-05
binary_0_18_1e-06 available 2.8762769943568856e-11
binary_0_18_0.5 available 4.163780431554187e-12
binary_0_18_0.999999 available 1.4551915228366852e-11
binary_3_5_1e-12 unavailable None
binary_3_5_1e-06 unavailable None
binary_3_5_0.5 unavailable None
binary_3_5_0.999999 unavailable None
binary_7_11_1e-12 unavailable None
binary_7_11_1e-06 unavailable None
binary_7_11_0.5 unavailable None
binary_7_11_0.999999 unavailable None
